[36mvite v8.0.2 [32mbuilding client environment for production...[36m[39m
[2K
transforming...鉁?62 modules transformed.
rendering chunks...
computing gzip size...
dist/index.html                   0.46 kB 鈹?gzip:   0.29 kB
dist/assets/index-BhCgHodh.css    1.74 kB 鈹?gzip:   0.77 kB
dist/assets/index-D-bCzgdL.js   421.38 kB 鈹?gzip: 117.62 kB

[32m鉁?built in 123ms[39m
